    c    2    2    0    e 1000    1    0   59    c    3    f  -45
Completion took 6 ms