   55  120    5   12    5 5555 5560  125  500  800    c    0 -139    c    3    0    2    
    t    0    1    
    t    1    1   42    1    
    1   41    1    4
Completion took 3547 ms