    S    
   20    S    
   20    S    
   20    K    
   20    K    
   20    K    
   20   94    
    0    
 1880    
    0    
    1    
    2    
    3    2    
    
    5    
    
    9    
    

Completion took 1522 ms